// Jest Snapshot v1, https://goo.gl/fbAQLP

exports[`Apartment renders correctly 1`] = `
<div
  id="1"
>
  <h3
    className="fiird0z"
  >
    Ground floor Studio apartment with Balcony !
  </h3>
  <div
    className="f4lw1zx"
  >
    <p
      className="f2qtt8h"
    >
      Paris
    </p>
  </div>
  <div
    className="f18ec881"
  >
    750
     â‚¬
  </div>
  <div
    className="f18ec881"
  >
    29/09/2019 at 13:50
  </div>
</div>
`;

exports[`Apartment should take a snapshot of ApartmentIndex 1`] = `
Object {
  "Apartment": [Function],
}
`;
