// Jest Snapshot v1, https://goo.gl/fbAQLP

exports[`TextInput renders correctly 1`] = `
<input
  className="f13jo2op"
  name="name"
  onBlur={[Function]}
  onChange={[Function]}
  type="text"
  value=""
/>
`;
