// Jest Snapshot v1, https://goo.gl/fbAQLP

exports[`Button renders correctly 1`] = `
<button
  className="fssyr3r"
  type="submit"
>
  Submit
</button>
`;

exports[`Button should take a snapshot of ButtonIndex 1`] = `
Object {
  "Button": [Function],
}
`;
