// Jest Snapshot v1, https://goo.gl/fbAQLP

exports[`Card renders correctly 1`] = `
<div
  className="f1siatag"
>
  Hello World
</div>
`;

exports[`Card should take a snapshot of CardIndex 1`] = `
Object {
  "Card": [Function],
}
`;
