// Jest Snapshot v1, https://goo.gl/fbAQLP

exports[`Learning renders correctly 1`] = `
<div
  id="2"
>
  <h3
    className="fiird0z"
  >
    Improve your Online Shopify Store with France's Top Shopify Expert
  </h3>
  <div
    className="f18ec881"
  >
    2h
  </div>
  <div
    className="f18ec881"
  >
    97
     â‚¬
  </div>
  <div
    className="f18ec881"
  >
    29/09/2019 at 13:50
  </div>
</div>
`;
